src/queues/email.queue.ts(25,5): error TS2322: Type 'Redis' is not assignable to type 'ConnectionOptions'.
  Type 'Redis' is not assignable to type 'ClusterOptions | Redis | Cluster'.
    Type 'import("D:/Assigment for com/backend/node_modules/ioredis/built/Redis").default' is not assignable to type 'import("D:/Assigment for com/backend/node_modules/bullmq/node_modules/ioredis/built/Redis").default'.
      Types of property 'options' are incompatible.
        Type 'import("D:/Assigment for com/backend/node_modules/ioredis/built/redis/RedisOptions").RedisOptions' is not assignable to type 'import("D:/Assigment for com/backend/node_modules/bullmq/node_modules/ioredis/built/redis/RedisOptions").RedisOptions'.
          Type 'RedisOptions' is not assignable to type 'CommonRedisOptions'.
            Types of property 'Connector' are incompatible.
              Type 'import("D:/Assigment for com/backend/node_modules/ioredis/built/connectors/ConnectorConstructor").default | undefined' is not assignable to type 'import("D:/Assigment for com/backend/node_modules/bullmq/node_modules/ioredis/built/connectors/ConnectorConstructor").default | undefined'.
                Type 'import("D:/Assigment for com/backend/node_modules/ioredis/built/connectors/ConnectorConstructor").default' is not assignable to type 'import("D:/Assigment for com/backend/node_modules/bullmq/node_modules/ioredis/built/connectors/ConnectorConstructor").default'.
                  Type 'import("D:/Assigment for com/backend/node_modules/ioredis/built/connectors/AbstractConnector").default' is not assignable to type 'import("D:/Assigment for com/backend/node_modules/bullmq/node_modules/ioredis/built/connectors/AbstractConnector").default'.
                    Property 'connecting' is protected but type 'AbstractConnector' is not a class derived from 'AbstractConnector'.
src/queues/email.queue.ts(43,58): error TS2322: Type 'Redis' is not assignable to type 'ConnectionOptions'.
  Type 'Redis' is not assignable to type 'ClusterOptions | Redis | Cluster'.
    Type 'import("D:/Assigment for com/backend/node_modules/ioredis/built/Redis").default' is not assignable to type 'import("D:/Assigment for com/backend/node_modules/bullmq/node_modules/ioredis/built/Redis").default'.
      Types of property 'options' are incompatible.
        Type 'import("D:/Assigment for com/backend/node_modules/ioredis/built/redis/RedisOptions").RedisOptions' is not assignable to type 'import("D:/Assigment for com/backend/node_modules/bullmq/node_modules/ioredis/built/redis/RedisOptions").RedisOptions'.
          Type 'RedisOptions' is not assignable to type 'CommonRedisOptions'.
            Types of property 'Connector' are incompatible.
              Type 'import("D:/Assigment for com/backend/node_modules/ioredis/built/connectors/ConnectorConstructor").default | undefined' is not assignable to type 'import("D:/Assigment for com/backend/node_modules/bullmq/node_modules/ioredis/built/connectors/ConnectorConstructor").default | undefined'.
                Type 'import("D:/Assigment for com/backend/node_modules/ioredis/built/connectors/ConnectorConstructor").default' is not assignable to type 'import("D:/Assigment for com/backend/node_modules/bullmq/node_modules/ioredis/built/connectors/ConnectorConstructor").default'.
                  Type 'import("D:/Assigment for com/backend/node_modules/ioredis/built/connectors/AbstractConnector").default' is not assignable to type 'import("D:/Assigment for com/backend/node_modules/bullmq/node_modules/ioredis/built/connectors/AbstractConnector").default'.
                    Property 'connecting' is protected but type 'AbstractConnector' is not a class derived from 'AbstractConnector'.
src/queues/email.queue.ts(86,38): error TS2345: Argument of type 'string' is not assignable to parameter of type 'ExtractNameType<DataTypeOrJob, DefaultNameType>'.
src/queues/email.queue.ts(119,48): error TS2345: Argument of type '{ name: string; data: EmailJobData; opts: JobsOptions; }[]' is not assignable to parameter of type '{ name: ExtractNameType<DataTypeOrJob, DefaultNameType>; data: ExtractDataType<DataTypeOrJob, DataTypeOrJob>; opts?: BulkJobOptions | undefined; }[]'.
  Type '{ name: string; data: EmailJobData; opts: JobsOptions; }' is not assignable to type '{ name: ExtractNameType<DataTypeOrJob, DefaultNameType>; data: ExtractDataType<DataTypeOrJob, DataTypeOrJob>; opts?: BulkJobOptions | undefined; }'.
    Types of property 'name' are incompatible.
      Type 'string' is not assignable to type 'ExtractNameType<DataTypeOrJob, DefaultNameType>'.
src/routes/auth.routes.ts(26,19): error TS2769: No overload matches this call.
  The last overload gave the following error.
    Argument of type '(req: AuthenticatedRequest, res: Response<ApiResponse>, next: NextFunction) => Promise<void>' is not assignable to parameter of type 'RequestHandlerParams<any, any, any, any, Record<string, any>>'.
      Type '(req: AuthenticatedRequest, res: Response<ApiResponse>, next: NextFunction) => Promise<void>' is not assignable to type 'RequestHandler<any, any, any, any, Record<string, any>>'.
        Types of parameters 'req' and 'req' are incompatible.
          Type 'Request<any, any, any, any, Record<string, any>>' is not assignable to type 'AuthenticatedRequest<any, any, any, any>'.
            Types of property 'user' are incompatible.
              Type 'User | undefined' is not assignable to type '{ name: string; id: string; googleId: string; email: string; avatar: string | null; createdAt: Date; updatedAt: Date; } | undefined'.
                Type 'User' is missing the following properties from type '{ name: string; id: string; googleId: string; email: string; avatar: string | null; createdAt: Date; updatedAt: Date; }': name, id, googleId, email, and 3 more.
src/routes/auth.routes.ts(27,24): error TS2769: No overload matches this call.
  The last overload gave the following error.
    Argument of type '(req: AuthenticatedRequest, res: Response<ApiResponse>, next: NextFunction) => Promise<void>' is not assignable to parameter of type 'RequestHandlerParams<any, any, any, any, Record<string, any>>'.
      Type '(req: AuthenticatedRequest, res: Response<ApiResponse>, next: NextFunction) => Promise<void>' is not assignable to type 'RequestHandler<any, any, any, any, Record<string, any>>'.
        Types of parameters 'req' and 'req' are incompatible.
          Type 'Request<any, any, any, any, Record<string, any>>' is not assignable to type 'AuthenticatedRequest<any, any, any, any>'.
            Types of property 'user' are incompatible.
              Type 'User | undefined' is not assignable to type '{ name: string; id: string; googleId: string; email: string; avatar: string | null; createdAt: Date; updatedAt: Date; } | undefined'.
                Type 'User' is missing the following properties from type '{ name: string; id: string; googleId: string; email: string; avatar: string | null; createdAt: Date; updatedAt: Date; }': name, id, googleId, email, and 3 more.
src/routes/email.routes.ts(28,12): error TS2769: No overload matches this call.
  The last overload gave the following error.
    Argument of type '(req: AuthenticatedRequest, res: Response<ApiResponse>, next: NextFunction) => Promise<void>' is not assignable to parameter of type 'PathParams'.
src/routes/email.routes.ts(31,26): error TS2769: No overload matches this call.
  The last overload gave the following error.
    Argument of type '(req: AuthenticatedRequest, res: Response<ApiResponse<ScheduleEmailResponse>>) => Promise<void>' is not assignable to parameter of type 'Application<Record<string, any>>'.
      Type '(req: AuthenticatedRequest<any, any, any, any>, res: Response<ApiResponse<ScheduleEmailResponse>, Record<string, any>>) => Promise<...>' is missing the following properties from type 'Application<Record<string, any>>': init, defaultConfiguration, engine, set, and 63 more.
src/routes/email.routes.ts(34,26): error TS2769: No overload matches this call.
  The last overload gave the following error.
    Argument of type '(req: AuthenticatedRequest, res: Response<ApiResponse<EmailResponse[]>>) => Promise<void>' is not assignable to parameter of type 'Application<Record<string, any>>'.
      Type '(req: AuthenticatedRequest<any, any, any, any>, res: Response<ApiResponse<EmailResponse[]>, Record<string, any>>) => Promise<...>' is missing the following properties from type 'Application<Record<string, any>>': init, defaultConfiguration, engine, set, and 63 more.
src/routes/email.routes.ts(35,21): error TS2769: No overload matches this call.
  The last overload gave the following error.
    Argument of type '(req: AuthenticatedRequest, res: Response<ApiResponse<EmailResponse[]>>) => Promise<void>' is not assignable to parameter of type 'Application<Record<string, any>>'.
      Type '(req: AuthenticatedRequest<any, any, any, any>, res: Response<ApiResponse<EmailResponse[]>, Record<string, any>>) => Promise<...>' is missing the following properties from type 'Application<Record<string, any>>': init, defaultConfiguration, engine, set, and 63 more.
src/routes/email.routes.ts(36,22): error TS2769: No overload matches this call.
  The last overload gave the following error.
    Argument of type '(req: AuthenticatedRequest, res: Response<ApiResponse>) => Promise<void>' is not assignable to parameter of type 'Application<Record<string, any>>'.
      Type '(req: AuthenticatedRequest<any, any, any, any>, res: Response<ApiResponse<unknown>, Record<string, any>>) => Promise<void>' is missing the following properties from type 'Application<Record<string, any>>': init, defaultConfiguration, engine, set, and 63 more.
src/routes/email.routes.ts(37,20): error TS2769: No overload matches this call.
  The last overload gave the following error.
    Argument of type '(req: AuthenticatedRequest, res: Response<ApiResponse<EmailResponse>>) => Promise<void>' is not assignable to parameter of type 'Application<Record<string, any>>'.
      Type '(req: AuthenticatedRequest<any, any, any, any>, res: Response<ApiResponse<EmailResponse>, Record<string, any>>) => Promise<...>' is missing the following properties from type 'Application<Record<string, any>>': init, defaultConfiguration, engine, set, and 63 more.
src/routes/email.routes.ts(40,23): error TS2769: No overload matches this call.
  The last overload gave the following error.
    Argument of type '(req: AuthenticatedRequest, res: Response<ApiResponse>) => Promise<void>' is not assignable to parameter of type 'Application<Record<string, any>>'.
      Type '(req: AuthenticatedRequest<any, any, any, any>, res: Response<ApiResponse<unknown>, Record<string, any>>) => Promise<void>' is missing the following properties from type 'Application<Record<string, any>>': init, defaultConfiguration, engine, set, and 63 more.
src/routes/sender.routes.ts(24,12): error TS2769: No overload matches this call.
  The last overload gave the following error.
    Argument of type '(req: AuthenticatedRequest, res: Response<ApiResponse>, next: NextFunction) => Promise<void>' is not assignable to parameter of type 'PathParams'.
src/routes/sender.routes.ts(27,17): error TS2769: No overload matches this call.
  The last overload gave the following error.
    Argument of type '(req: AuthenticatedRequest, res: Response<ApiResponse<SenderResponse[]>>) => Promise<void>' is not assignable to parameter of type 'Application<Record<string, any>>'.
      Type '(req: AuthenticatedRequest<any, any, any, any>, res: Response<ApiResponse<SenderResponse[]>, Record<string, any>>) => Promise<...>' is missing the following properties from type 'Application<Record<string, any>>': init, defaultConfiguration, engine, set, and 63 more.
src/routes/sender.routes.ts(28,18): error TS2769: No overload matches this call.
  The last overload gave the following error.
    Argument of type '(req: AuthenticatedRequest, res: Response<ApiResponse<SenderResponse>>) => Promise<void>' is not assignable to parameter of type 'Application<Record<string, any>>'.
      Type '(req: AuthenticatedRequest<any, any, any, any>, res: Response<ApiResponse<SenderResponse>, Record<string, any>>) => Promise<...>' is missing the following properties from type 'Application<Record<string, any>>': init, defaultConfiguration, engine, set, and 63 more.
src/routes/sender.routes.ts(29,20): error TS2769: No overload matches this call.
  The last overload gave the following error.
    Argument of type '(req: AuthenticatedRequest, res: Response<ApiResponse<SenderResponse>>) => Promise<void>' is not assignable to parameter of type 'Application<Record<string, any>>'.
      Type '(req: AuthenticatedRequest<any, any, any, any>, res: Response<ApiResponse<SenderResponse>, Record<string, any>>) => Promise<...>' is missing the following properties from type 'Application<Record<string, any>>': init, defaultConfiguration, engine, set, and 63 more.
src/routes/sender.routes.ts(30,23): error TS2769: No overload matches this call.
  The last overload gave the following error.
    Argument of type '(req: AuthenticatedRequest, res: Response<ApiResponse>) => Promise<void>' is not assignable to parameter of type 'Application<Record<string, any>>'.
      Type '(req: AuthenticatedRequest<any, any, any, any>, res: Response<ApiResponse<unknown>, Record<string, any>>) => Promise<void>' is missing the following properties from type 'Application<Record<string, any>>': init, defaultConfiguration, engine, set, and 63 more.
src/services/auth.service.ts(22,16): error TS2769: No overload matches this call.
  Overload 1 of 5, '(payload: string | object | Buffer<ArrayBufferLike>, secretOrPrivateKey: null, options?: (SignOptions & { algorithm: "none"; }) | undefined): string', gave the following error.
    Argument of type 'string' is not assignable to parameter of type 'null'.
  Overload 2 of 5, '(payload: string | object | Buffer<ArrayBufferLike>, secretOrPrivateKey: Buffer<ArrayBufferLike> | Secret | PrivateKeyInput | JsonWebKeyInput, options?: SignOptions | undefined): string', gave the following error.
    Type 'string' is not assignable to type 'number | StringValue | undefined'.
  Overload 3 of 5, '(payload: string | object | Buffer<ArrayBufferLike>, secretOrPrivateKey: Buffer<ArrayBufferLike> | Secret | PrivateKeyInput | JsonWebKeyInput, callback: SignCallback): void', gave the following error.
    Object literal may only specify known properties, and 'expiresIn' does not exist in type 'SignCallback'.
src/workers/email.worker.ts(202,13): error TS2322: Type 'Redis' is not assignable to type 'ConnectionOptions'.
  Type 'Redis' is not assignable to type 'ClusterOptions | Redis | Cluster'.
    Type 'import("D:/Assigment for com/backend/node_modules/ioredis/built/Redis").default' is not assignable to type 'import("D:/Assigment for com/backend/node_modules/bullmq/node_modules/ioredis/built/Redis").default'.
      Types of property 'options' are incompatible.
        Type 'import("D:/Assigment for com/backend/node_modules/ioredis/built/redis/RedisOptions").RedisOptions' is not assignable to type 'import("D:/Assigment for com/backend/node_modules/bullmq/node_modules/ioredis/built/redis/RedisOptions").RedisOptions'.
          Type 'RedisOptions' is not assignable to type 'CommonRedisOptions'.
            Types of property 'Connector' are incompatible.
              Type 'import("D:/Assigment for com/backend/node_modules/ioredis/built/connectors/ConnectorConstructor").default | undefined' is not assignable to type 'import("D:/Assigment for com/backend/node_modules/bullmq/node_modules/ioredis/built/connectors/ConnectorConstructor").default | undefined'.
                Type 'import("D:/Assigment for com/backend/node_modules/ioredis/built/connectors/ConnectorConstructor").default' is not assignable to type 'import("D:/Assigment for com/backend/node_modules/bullmq/node_modules/ioredis/built/connectors/ConnectorConstructor").default'.
                  Type 'import("D:/Assigment for com/backend/node_modules/ioredis/built/connectors/AbstractConnector").default' is not assignable to type 'import("D:/Assigment for com/backend/node_modules/bullmq/node_modules/ioredis/built/connectors/AbstractConnector").default'.
                    Property 'connecting' is protected but type 'AbstractConnector' is not a class derived from 'AbstractConnector'.
